  Determining projects to restore...
  All projects are up-to-date for restore.
  ThirdOpinion.Common.Aws.S3 -> /Users/ken/code/ThirdOpinion/ThirdOpinion.Common/src/ThirdOpinion.Common.Aws.S3/bin/Debug/net8.0/ThirdOpinion.Common.Aws.S3.dll
  ThirdOpinion.Common.Fhir -> /Users/ken/code/ThirdOpinion/ThirdOpinion.Common/ThirdOpinion.Common.Fhir/bin/Debug/net8.0/ThirdOpinion.Common.Fhir.dll
  ThirdOpinion.Common.Aws.Cognito -> /Users/ken/code/ThirdOpinion/ThirdOpinion.Common/src/ThirdOpinion.Common.Aws.Cognito/bin/Debug/net8.0/ThirdOpinion.Common.Aws.Cognito.dll
  ThirdOpinion.Common.Aws.DynamoDb -> /Users/ken/code/ThirdOpinion/ThirdOpinion.Common/src/ThirdOpinion.Common.Aws.DynamoDb/bin/Debug/net8.0/ThirdOpinion.Common.Aws.DynamoDb.dll
  ThirdOpinion.Common.Fhir.UnitTests -> /Users/ken/code/ThirdOpinion/ThirdOpinion.Common/ThirdOpinion.Common.Fhir.UnitTests/bin/Debug/net8.0/ThirdOpinion.Common.Fhir.UnitTests.dll
  ThirdOpinion.Common.Misc -> /Users/ken/code/ThirdOpinion/ThirdOpinion.Common/src/ThirdOpinion.Common.Misc/bin/Debug/net8.0/ThirdOpinion.Common.Misc.dll
  ThirdOpinion.Common.Aws.SQS -> /Users/ken/code/ThirdOpinion/ThirdOpinion.Common/src/ThirdOpinion.Common.Aws.SQS/bin/Debug/net8.0/ThirdOpinion.Common.Aws.SQS.dll
  ThirdOpinion.Common.Aws.UnitTests -> /Users/ken/code/ThirdOpinion/ThirdOpinion.Common/ThirdOpinion.Common.Aws.UnitTests/bin/Debug/net8.0/ThirdOpinion.Common.Aws.UnitTests.dll
  ThirdOpinion.Common.FunctionalTests -> /Users/ken/code/ThirdOpinion/ThirdOpinion.Common/ThirdOpinion.Common.FunctionalTests/bin/Debug/net8.0/ThirdOpinion.Common.FunctionalTests.dll
  ThirdOpinion.Common.Misc.UnitTests -> /Users/ken/code/ThirdOpinion/ThirdOpinion.Common/ThirdOpinion.Common.Misc.UnitTests/bin/Debug/net8.0/ThirdOpinion.Common.Misc.UnitTests.dll
  ThirdOpinion.Common.TestApi -> /Users/ken/code/ThirdOpinion/ThirdOpinion.Common/ThirdOpinion.Common.TestApi/bin/Debug/net8.0/ThirdOpinion.Common.TestApi.dll
  ThirdOpinion.Common.TestApi.Tests -> /Users/ken/code/ThirdOpinion/ThirdOpinion.Common/ThirdOpinion.Common.TestApi.Tests/bin/Debug/net8.0/ThirdOpinion.Common.TestApi.Tests.dll

Build succeeded.
    0 Warning(s)
    0 Error(s)

Time Elapsed 00:00:01.58
